[NX Daemon Server] - 2025-11-26T01:10:14.003Z - Started listening on: /tmp/26e1c7d6a52e45a8b4ee/d.sock
[NX Daemon Server] - 2025-11-26T01:10:14.008Z - [WATCHER]: Subscribed to changes within: /home/mcqueide/repository/groupdocs/GroupDocs.Total-Angular (native)
[NX Daemon Server] - 2025-11-26T01:10:14.012Z - Established a connection. Number of open connections: 1
[NX Daemon Server] - 2025-11-26T01:10:14.012Z - Established a connection. Number of open connections: 2
[NX Daemon Server] - 2025-11-26T01:10:14.014Z - Closed a connection. Number of open connections: 1
[NX Daemon Server] - 2025-11-26T01:10:14.016Z - [REQUEST]: Responding to the client. Shutdown initiated
[NX Daemon Server] - 2025-11-26T01:10:14.017Z - Done responding to the client Shutdown initiated
[NX Daemon Server] - 2025-11-26T01:10:14.017Z - Handled FORCE_SHUTDOWN. Handling time: 0. Response time: 1.
[NX Daemon Server] - 2025-11-26T01:10:14.018Z - Closed a connection. Number of open connections: 0
[NX Daemon Server] - 2025-11-26T01:10:14.018Z - [WATCHER]: Stopping the watcher for /home/mcqueide/repository/groupdocs/GroupDocs.Total-Angular (sources)
[NX Daemon Server] - 2025-11-26T01:10:14.018Z - [WATCHER]: Stopping the watcher for /home/mcqueide/repository/groupdocs/GroupDocs.Total-Angular (outputs)
[NX Daemon Server] - 2025-11-26T01:13:39.415Z - Started listening on: /tmp/26e1c7d6a52e45a8b4ee/d.sock
[NX Daemon Server] - 2025-11-26T01:13:39.418Z - [WATCHER]: Subscribed to changes within: /home/mcqueide/repository/groupdocs/GroupDocs.Total-Angular (native)
[NX Daemon Server] - 2025-11-26T01:13:39.422Z - Established a connection. Number of open connections: 1
[NX Daemon Server] - 2025-11-26T01:13:39.423Z - Established a connection. Number of open connections: 2
[NX Daemon Server] - 2025-11-26T01:13:39.424Z - Closed a connection. Number of open connections: 1
[NX Daemon Server] - 2025-11-26T01:13:39.426Z - [REQUEST]: Responding to the client. Shutdown initiated
[NX Daemon Server] - 2025-11-26T01:13:39.426Z - Done responding to the client Shutdown initiated
[NX Daemon Server] - 2025-11-26T01:13:39.427Z - Handled FORCE_SHUTDOWN. Handling time: 1. Response time: 1.
[NX Daemon Server] - 2025-11-26T01:13:39.428Z - Closed a connection. Number of open connections: 0
[NX Daemon Server] - 2025-11-26T01:13:39.428Z - [WATCHER]: Stopping the watcher for /home/mcqueide/repository/groupdocs/GroupDocs.Total-Angular (sources)
[NX Daemon Server] - 2025-11-26T01:13:39.429Z - [WATCHER]: Stopping the watcher for /home/mcqueide/repository/groupdocs/GroupDocs.Total-Angular (outputs)
[NX Daemon Server] - 2025-11-26T01:15:32.262Z - Started listening on: /tmp/26e1c7d6a52e45a8b4ee/d.sock
[NX Daemon Server] - 2025-11-26T01:15:32.265Z - [WATCHER]: Subscribed to changes within: /home/mcqueide/repository/groupdocs/GroupDocs.Total-Angular (native)
[NX Daemon Server] - 2025-11-26T01:15:32.269Z - Established a connection. Number of open connections: 1
[NX Daemon Server] - 2025-11-26T01:15:32.270Z - Established a connection. Number of open connections: 2
[NX Daemon Server] - 2025-11-26T01:15:32.271Z - Closed a connection. Number of open connections: 1
[NX Daemon Server] - 2025-11-26T01:15:32.274Z - [REQUEST]: Responding to the client. Shutdown initiated
[NX Daemon Server] - 2025-11-26T01:15:32.274Z - Done responding to the client Shutdown initiated
[NX Daemon Server] - 2025-11-26T01:15:32.275Z - Handled FORCE_SHUTDOWN. Handling time: 0. Response time: 1.
[NX Daemon Server] - 2025-11-26T01:15:32.275Z - Closed a connection. Number of open connections: 0
[NX Daemon Server] - 2025-11-26T01:15:32.275Z - [WATCHER]: Stopping the watcher for /home/mcqueide/repository/groupdocs/GroupDocs.Total-Angular (sources)
[NX Daemon Server] - 2025-11-26T01:15:32.276Z - [WATCHER]: Stopping the watcher for /home/mcqueide/repository/groupdocs/GroupDocs.Total-Angular (outputs)
[NX Daemon Server] - 2025-11-26T01:16:52.514Z - Started listening on: /tmp/26e1c7d6a52e45a8b4ee/d.sock
[NX Daemon Server] - 2025-11-26T01:16:52.516Z - [WATCHER]: Subscribed to changes within: /home/mcqueide/repository/groupdocs/GroupDocs.Total-Angular (native)
[NX Daemon Server] - 2025-11-26T01:16:52.521Z - Established a connection. Number of open connections: 1
[NX Daemon Server] - 2025-11-26T01:16:52.521Z - Established a connection. Number of open connections: 2
[NX Daemon Server] - 2025-11-26T01:16:52.523Z - Closed a connection. Number of open connections: 1
[NX Daemon Server] - 2025-11-26T01:16:52.525Z - [REQUEST]: Responding to the client. Shutdown initiated
[NX Daemon Server] - 2025-11-26T01:16:52.525Z - Done responding to the client Shutdown initiated
[NX Daemon Server] - 2025-11-26T01:16:52.525Z - Handled FORCE_SHUTDOWN. Handling time: 0. Response time: 1.
[NX Daemon Server] - 2025-11-26T01:16:52.526Z - Closed a connection. Number of open connections: 0
[NX Daemon Server] - 2025-11-26T01:16:52.526Z - [WATCHER]: Stopping the watcher for /home/mcqueide/repository/groupdocs/GroupDocs.Total-Angular (sources)
[NX Daemon Server] - 2025-11-26T01:16:52.526Z - [WATCHER]: Stopping the watcher for /home/mcqueide/repository/groupdocs/GroupDocs.Total-Angular (outputs)
[NX Daemon Server] - 2025-11-26T01:18:31.823Z - Started listening on: /tmp/26e1c7d6a52e45a8b4ee/d.sock
[NX Daemon Server] - 2025-11-26T01:18:31.827Z - [WATCHER]: Subscribed to changes within: /home/mcqueide/repository/groupdocs/GroupDocs.Total-Angular (native)
[NX Daemon Server] - 2025-11-26T01:18:31.830Z - Established a connection. Number of open connections: 1
[NX Daemon Server] - 2025-11-26T01:18:31.831Z - Established a connection. Number of open connections: 2
[NX Daemon Server] - 2025-11-26T01:18:31.833Z - Closed a connection. Number of open connections: 1
[NX Daemon Server] - 2025-11-26T01:18:31.835Z - [REQUEST]: Responding to the client. Shutdown initiated
[NX Daemon Server] - 2025-11-26T01:18:31.835Z - Done responding to the client Shutdown initiated
[NX Daemon Server] - 2025-11-26T01:18:31.835Z - Handled FORCE_SHUTDOWN. Handling time: 1. Response time: 0.
[NX Daemon Server] - 2025-11-26T01:18:31.837Z - Closed a connection. Number of open connections: 0
[NX Daemon Server] - 2025-11-26T01:18:31.837Z - [WATCHER]: Stopping the watcher for /home/mcqueide/repository/groupdocs/GroupDocs.Total-Angular (sources)
[NX Daemon Server] - 2025-11-26T01:18:31.837Z - [WATCHER]: Stopping the watcher for /home/mcqueide/repository/groupdocs/GroupDocs.Total-Angular (outputs)
[NX Daemon Server] - 2025-11-26T15:04:54.865Z - Started listening on: /tmp/26e1c7d6a52e45a8b4ee/d.sock
[NX Daemon Server] - 2025-11-26T15:04:54.868Z - [WATCHER]: Subscribed to changes within: /home/mcqueide/repository/groupdocs/GroupDocs.Total-Angular (native)
[NX Daemon Server] - 2025-11-26T15:04:54.871Z - Established a connection. Number of open connections: 1
[NX Daemon Server] - 2025-11-26T15:04:54.871Z - Established a connection. Number of open connections: 2
[NX Daemon Server] - 2025-11-26T15:04:54.873Z - Closed a connection. Number of open connections: 1
[NX Daemon Server] - 2025-11-26T15:04:54.875Z - [REQUEST]: Responding to the client. Shutdown initiated
[NX Daemon Server] - 2025-11-26T15:04:54.875Z - Done responding to the client Shutdown initiated
[NX Daemon Server] - 2025-11-26T15:04:54.875Z - Handled FORCE_SHUTDOWN. Handling time: 1. Response time: 0.
[NX Daemon Server] - 2025-11-26T15:04:54.876Z - Closed a connection. Number of open connections: 0
[NX Daemon Server] - 2025-11-26T15:04:54.876Z - [WATCHER]: Stopping the watcher for /home/mcqueide/repository/groupdocs/GroupDocs.Total-Angular (sources)
[NX Daemon Server] - 2025-11-26T15:04:54.877Z - [WATCHER]: Stopping the watcher for /home/mcqueide/repository/groupdocs/GroupDocs.Total-Angular (outputs)
[NX Daemon Server] - 2025-11-26T15:06:41.976Z - Started listening on: /tmp/26e1c7d6a52e45a8b4ee/d.sock
[NX Daemon Server] - 2025-11-26T15:06:41.979Z - [WATCHER]: Subscribed to changes within: /home/mcqueide/repository/groupdocs/GroupDocs.Total-Angular (native)
[NX Daemon Server] - 2025-11-26T15:06:41.984Z - Established a connection. Number of open connections: 1
[NX Daemon Server] - 2025-11-26T15:06:41.985Z - Established a connection. Number of open connections: 2
[NX Daemon Server] - 2025-11-26T15:06:41.986Z - Closed a connection. Number of open connections: 1
[NX Daemon Server] - 2025-11-26T15:06:41.988Z - [REQUEST]: Responding to the client. Shutdown initiated
[NX Daemon Server] - 2025-11-26T15:06:41.988Z - Done responding to the client Shutdown initiated
[NX Daemon Server] - 2025-11-26T15:06:41.989Z - Handled FORCE_SHUTDOWN. Handling time: 0. Response time: 1.
[NX Daemon Server] - 2025-11-26T15:06:41.989Z - Closed a connection. Number of open connections: 0
[NX Daemon Server] - 2025-11-26T15:06:41.990Z - [WATCHER]: Stopping the watcher for /home/mcqueide/repository/groupdocs/GroupDocs.Total-Angular (sources)
[NX Daemon Server] - 2025-11-26T15:06:41.990Z - [WATCHER]: Stopping the watcher for /home/mcqueide/repository/groupdocs/GroupDocs.Total-Angular (outputs)
[NX Daemon Server] - 2025-11-26T15:14:39.637Z - Started listening on: /tmp/26e1c7d6a52e45a8b4ee/d.sock
[NX Daemon Server] - 2025-11-26T15:14:39.640Z - [WATCHER]: Subscribed to changes within: /home/mcqueide/repository/groupdocs/GroupDocs.Total-Angular (native)
[NX Daemon Server] - 2025-11-26T15:14:39.642Z - Established a connection. Number of open connections: 1
[NX Daemon Server] - 2025-11-26T15:14:39.643Z - Established a connection. Number of open connections: 2
[NX Daemon Server] - 2025-11-26T15:14:39.644Z - Closed a connection. Number of open connections: 1
[NX Daemon Server] - 2025-11-26T15:14:39.645Z - [REQUEST]: Responding to the client. Shutdown initiated
[NX Daemon Server] - 2025-11-26T15:14:39.646Z - Done responding to the client Shutdown initiated
[NX Daemon Server] - 2025-11-26T15:14:39.646Z - Handled FORCE_SHUTDOWN. Handling time: 0. Response time: 1.
[NX Daemon Server] - 2025-11-26T15:14:39.647Z - Closed a connection. Number of open connections: 0
[NX Daemon Server] - 2025-11-26T15:14:39.647Z - [WATCHER]: Stopping the watcher for /home/mcqueide/repository/groupdocs/GroupDocs.Total-Angular (sources)
[NX Daemon Server] - 2025-11-26T15:14:39.648Z - [WATCHER]: Stopping the watcher for /home/mcqueide/repository/groupdocs/GroupDocs.Total-Angular (outputs)
[NX Daemon Server] - 2025-11-26T16:25:32.078Z - Started listening on: /tmp/26e1c7d6a52e45a8b4ee/d.sock
[NX Daemon Server] - 2025-11-26T16:25:32.081Z - [WATCHER]: Subscribed to changes within: /home/mcqueide/repository/groupdocs/GroupDocs.Total-Angular (native)
[NX Daemon Server] - 2025-11-26T16:25:32.083Z - Established a connection. Number of open connections: 1
[NX Daemon Server] - 2025-11-26T16:25:32.084Z - Established a connection. Number of open connections: 2
[NX Daemon Server] - 2025-11-26T16:25:32.086Z - Closed a connection. Number of open connections: 1
[NX Daemon Server] - 2025-11-26T16:25:32.088Z - [REQUEST]: Responding to the client. Shutdown initiated
[NX Daemon Server] - 2025-11-26T16:25:32.088Z - Done responding to the client Shutdown initiated
[NX Daemon Server] - 2025-11-26T16:25:32.089Z - Handled FORCE_SHUTDOWN. Handling time: 0. Response time: 1.
[NX Daemon Server] - 2025-11-26T16:25:32.089Z - Closed a connection. Number of open connections: 0
[NX Daemon Server] - 2025-11-26T16:25:32.089Z - [WATCHER]: Stopping the watcher for /home/mcqueide/repository/groupdocs/GroupDocs.Total-Angular (sources)
[NX Daemon Server] - 2025-11-26T16:25:32.090Z - [WATCHER]: Stopping the watcher for /home/mcqueide/repository/groupdocs/GroupDocs.Total-Angular (outputs)
[NX Daemon Server] - 2025-11-26T16:26:02.792Z - Started listening on: /tmp/26e1c7d6a52e45a8b4ee/d.sock
[NX Daemon Server] - 2025-11-26T16:26:02.794Z - [WATCHER]: Subscribed to changes within: /home/mcqueide/repository/groupdocs/GroupDocs.Total-Angular (native)
[NX Daemon Server] - 2025-11-26T16:26:02.797Z - Established a connection. Number of open connections: 1
[NX Daemon Server] - 2025-11-26T16:26:02.797Z - Established a connection. Number of open connections: 2
[NX Daemon Server] - 2025-11-26T16:26:02.799Z - Closed a connection. Number of open connections: 1
[NX Daemon Server] - 2025-11-26T16:26:02.801Z - [REQUEST]: Responding to the client. Shutdown initiated
[NX Daemon Server] - 2025-11-26T16:26:02.801Z - Done responding to the client Shutdown initiated
[NX Daemon Server] - 2025-11-26T16:26:02.802Z - Handled FORCE_SHUTDOWN. Handling time: 1. Response time: 1.
[NX Daemon Server] - 2025-11-26T16:26:02.802Z - Closed a connection. Number of open connections: 0
[NX Daemon Server] - 2025-11-26T16:26:02.802Z - [WATCHER]: Stopping the watcher for /home/mcqueide/repository/groupdocs/GroupDocs.Total-Angular (sources)
[NX Daemon Server] - 2025-11-26T16:26:02.803Z - [WATCHER]: Stopping the watcher for /home/mcqueide/repository/groupdocs/GroupDocs.Total-Angular (outputs)
[NX Daemon Server] - 2025-11-26T16:28:08.700Z - Started listening on: /tmp/26e1c7d6a52e45a8b4ee/d.sock
[NX Daemon Server] - 2025-11-26T16:28:08.705Z - [WATCHER]: Subscribed to changes within: /home/mcqueide/repository/groupdocs/GroupDocs.Total-Angular (native)
[NX Daemon Server] - 2025-11-26T16:28:08.710Z - Established a connection. Number of open connections: 1
[NX Daemon Server] - 2025-11-26T16:28:08.711Z - Established a connection. Number of open connections: 2
[NX Daemon Server] - 2025-11-26T16:28:08.713Z - Closed a connection. Number of open connections: 1
[NX Daemon Server] - 2025-11-26T16:28:08.715Z - [REQUEST]: Responding to the client. Shutdown initiated
[NX Daemon Server] - 2025-11-26T16:28:08.716Z - Done responding to the client Shutdown initiated
[NX Daemon Server] - 2025-11-26T16:28:08.716Z - Handled FORCE_SHUTDOWN. Handling time: 0. Response time: 1.
[NX Daemon Server] - 2025-11-26T16:28:08.717Z - Closed a connection. Number of open connections: 0
[NX Daemon Server] - 2025-11-26T16:28:08.717Z - [WATCHER]: Stopping the watcher for /home/mcqueide/repository/groupdocs/GroupDocs.Total-Angular (sources)
[NX Daemon Server] - 2025-11-26T16:28:08.718Z - [WATCHER]: Stopping the watcher for /home/mcqueide/repository/groupdocs/GroupDocs.Total-Angular (outputs)
